---
source: boltffi_backend/tests/jni/callback.rs
expression: rendered
---
===== jni/demo.h =====
<c abi support declarations>
typedef struct {
    void (*free)(uint64_t);
    uint64_t (*clone)(uint64_t);
    void (*notify)(uint64_t, uint32_t);
} ___NotifierVTable;
void boltffi_register_callback_demo_notifier(const ___NotifierVTable *vtable);
BoltFFICallbackHandle boltffi_create_callback_demo_notifier(uint64_t handle);
void boltffi_release_class_demo_engine(uint64_t handle);
uint64_t boltffi_init_class_demo_engine_new(BoltFFICallbackHandle notifier);
uint32_t boltffi_method_class_demo_engine_ping(uint64_t receiver);

===== jni/jni_glue.c =====
<jni source includes>
<jni thread runtime>
<jni exception helpers>
typedef struct {
    void (*free)(uint64_t handle);
    uint64_t (*clone)(uint64_t handle);
} BoltFFICallbackVTablePrefix;

static const BoltFFICallbackVTablePrefix *boltffi_jni_callback_vtable_prefix(const BoltFFICallbackHandle *callback) {
    return callback == NULL ? NULL : (const BoltFFICallbackVTablePrefix *)callback->vtable;
}

static void boltffi_jni_release_callback_value(BoltFFICallbackHandle callback) {
    const BoltFFICallbackVTablePrefix *vtable = boltffi_jni_callback_vtable_prefix(&callback);
    if (callback.handle != 0 && vtable != NULL && vtable->free != NULL) {
        vtable->free(callback.handle);
    }
}

static jlong boltffi_jni_callback_handle_new_owned(JNIEnv *env, BoltFFICallbackHandle callback) {
    if (callback.handle == 0 || callback.vtable == NULL) {
        return 0;
    }
    BoltFFICallbackHandle *stored_callback = (BoltFFICallbackHandle *)malloc(sizeof(BoltFFICallbackHandle));
    if (stored_callback == NULL) {
        boltffi_jni_release_callback_value(callback);
        boltffi_jni_throw_runtime(env, "failed to allocate BoltFFI callback handle");
        return 0;
    }
    *stored_callback = callback;
    return (jlong)(uintptr_t)stored_callback;
}

static BoltFFICallbackHandle *boltffi_jni_callback_handle_ref(jlong handle) {
    return handle == 0 ? NULL : (BoltFFICallbackHandle *)(uintptr_t)handle;
}

typedef BoltFFICallbackHandle (*BoltFFICallbackCreate)(uint64_t handle);

static BoltFFICallbackHandle boltffi_jni_callback_parameter(uint64_t handle, BoltFFICallbackCreate create) {
    if ((handle & 1u) != 0u) {
        return create(handle);
    }
    const BoltFFICallbackHandle *stored_callback = boltffi_jni_callback_handle_ref((jlong)handle);
    const BoltFFICallbackVTablePrefix *vtable = boltffi_jni_callback_vtable_prefix(stored_callback);
    if (stored_callback == NULL || stored_callback->handle == 0 || vtable == NULL || vtable->clone == NULL) {
        return (BoltFFICallbackHandle){0};
    }
    return (BoltFFICallbackHandle){
        .handle = vtable->clone(stored_callback->handle),
        .vtable = stored_callback->vtable,
    };
}

static void boltffi_jni_callback_handle_release(BoltFFICallbackHandle *callback) {
    if (callback == NULL) {
        return;
    }
    boltffi_jni_release_callback_value(*callback);
    free(callback);
}

static jlong boltffi_jni_callback_handle_clone(JNIEnv *env, const BoltFFICallbackHandle *callback) {
    const BoltFFICallbackVTablePrefix *vtable = boltffi_jni_callback_vtable_prefix(callback);
    if (callback == NULL || callback->handle == 0 || vtable == NULL || vtable->clone == NULL) {
        return 0;
    }
    BoltFFICallbackHandle cloned_callback = {
        .handle = vtable->clone(callback->handle),
        .vtable = callback->vtable,
    };
    if (cloned_callback.handle == 0) {
        return 0;
    }
    return boltffi_jni_callback_handle_new_owned(env, cloned_callback);
}

JNIEXPORT jlong JNICALL Java_com_boltffi_demo_Native_boltffi_1callback_1handle_1clone(JNIEnv *env, jclass cls, jlong handle) {
    (void)cls;
    return boltffi_jni_callback_handle_clone(env, boltffi_jni_callback_handle_ref(handle));
}

JNIEXPORT void JNICALL Java_com_boltffi_demo_Native_boltffi_1callback_1handle_1release(JNIEnv *env, jclass cls, jlong handle) {
    (void)env;
    (void)cls;
    boltffi_jni_callback_handle_release(boltffi_jni_callback_handle_ref(handle));
}

static jclass g____NotifierVTable_class = NULL;
static jmethodID g____NotifierVTable_free_method = NULL;
static jmethodID g____NotifierVTable_clone_method = NULL;
static jmethodID g____NotifierVTable_notify_method = NULL;

static void ___NotifierVTable_free(uint64_t handle) {
    JNIEnv *env = NULL;
    int attached = 0;
    if (!boltffi_jni_enter(&env, &attached)) {
        return;
    }
    (*env)->CallStaticVoidMethod(env, g____NotifierVTable_class, g____NotifierVTable_free_method, (jlong)handle);
    boltffi_jni_clear_exception(env);
    boltffi_jni_exit(env, attached);
}

static uint64_t ___NotifierVTable_clone(uint64_t handle) {
    JNIEnv *env = NULL;
    int attached = 0;
    if (!boltffi_jni_enter(&env, &attached)) {
        return 0;
    }
    jlong result = (*env)->CallStaticLongMethod(env, g____NotifierVTable_class, g____NotifierVTable_clone_method, (jlong)handle);
    if (boltffi_jni_clear_exception(env)) {
        boltffi_jni_exit(env, attached);
        return 0;
    }
    boltffi_jni_exit(env, attached);
    return (uint64_t)result;
}

static void ___NotifierVTable_notify(uint64_t handle, uint32_t code) {
    JNIEnv *env = NULL;
    int attached = 0;

    if (!boltffi_jni_enter(&env, &attached)) {
        return;
    }

    (*env)->CallStaticVoidMethod(env, g____NotifierVTable_class, g____NotifierVTable_notify_method, (jlong)handle, (jint)code);
    if (boltffi_jni_clear_exception(env)) {
        goto __boltffi_fail;
    }

    boltffi_jni_exit(env, attached);
    return;
__boltffi_fail:

    boltffi_jni_clear_exception(env);
    boltffi_jni_exit(env, attached);

    return;
}

static ___NotifierVTable g____NotifierVTable_vtable = {
    .free = ___NotifierVTable_free,
    .clone = ___NotifierVTable_clone,
    .notify = ___NotifierVTable_notify,
};

static bool boltffi_jni_load____NotifierVTable_callbacks(JNIEnv *env) {
    if (!boltffi_jni_lookup_global_class_with_diagnostic(env, "com/boltffi/demo/NotifierCallbacks", "com/boltffi/demo/NotifierCallbacks", &g____NotifierVTable_class)) {
        return false;
    }
    if (!boltffi_jni_lookup_static_method_with_diagnostic(env, g____NotifierVTable_class, "com/boltffi/demo/NotifierCallbacks", "free", "free", "(J)V", "(J)V", &g____NotifierVTable_free_method)) {
        goto fail;
    }
    if (!boltffi_jni_lookup_static_method_with_diagnostic(env, g____NotifierVTable_class, "com/boltffi/demo/NotifierCallbacks", "clone", "clone", "(J)J", "(J)J", &g____NotifierVTable_clone_method)) {
        goto fail;
    }
    if (!boltffi_jni_lookup_static_method_with_diagnostic(env, g____NotifierVTable_class, "com/boltffi/demo/NotifierCallbacks", "notify", "notify", "(JI)V", "(JI)V", &g____NotifierVTable_notify_method)) {
        goto fail;
    }
    boltffi_register_callback_demo_notifier(&g____NotifierVTable_vtable);
    return true;
fail:
    (*env)->DeleteGlobalRef(env, g____NotifierVTable_class);
    g____NotifierVTable_class = NULL;
    return false;
}

static void boltffi_jni_unload____NotifierVTable_callbacks(JNIEnv *env) {
    if (g____NotifierVTable_class != NULL) {
        (*env)->DeleteGlobalRef(env, g____NotifierVTable_class);
    }
    g____NotifierVTable_class = NULL;
    g____NotifierVTable_free_method = NULL;
    g____NotifierVTable_clone_method = NULL;
    g____NotifierVTable_notify_method = NULL;
}

JNIEXPORT jint JNICALL JNI_OnLoad(JavaVM *vm, void *reserved) {
    (void)reserved;
    JNIEnv *env = NULL;
    jint env_result = (*vm)->GetEnv(vm, (void **)&env, JNI_VERSION_1_6);
    if (env_result != JNI_OK) {
        fprintf(stderr, "BoltFFI JNI_OnLoad failed: GetEnv(JNI_VERSION_1_6) returned %d\n", (int)env_result);
        return JNI_ERR;
    }
    if (!boltffi_jni_lookup_global_class_with_diagnostic(env, "com/boltffi/demo/Native", "com/boltffi/demo/Native", &boltffi_jni_native_class)) {
        return JNI_ERR;
    }
    if (!boltffi_jni_load____NotifierVTable_callbacks(env)) {
        boltffi_jni_unload____NotifierVTable_callbacks(env);
        (*env)->DeleteGlobalRef(env, boltffi_jni_native_class);
        boltffi_jni_native_class = NULL;
        return JNI_ERR;
    }
    boltffi_jni_vm = vm;
    return JNI_VERSION_1_6;
}

JNIEXPORT void JNICALL JNI_OnUnload(JavaVM *vm, void *reserved) {
    (void)reserved;
    JNIEnv *env = NULL;
    if ((*vm)->GetEnv(vm, (void **)&env, JNI_VERSION_1_6) == JNI_OK) {
        boltffi_jni_unload____NotifierVTable_callbacks(env);
        if (boltffi_jni_native_class != NULL) {
            (*env)->DeleteGlobalRef(env, boltffi_jni_native_class);
        }
    }
    boltffi_jni_vm = NULL;
    boltffi_jni_native_class = NULL;
}

JNIEXPORT void JNICALL Java_com_boltffi_demo_Native_boltffi_1release_1class_1demo_1engine(JNIEnv *env, jclass cls, jlong handle) {
    (void)cls;

    (void)env;
    boltffi_release_class_demo_engine(handle);

    return;
}

JNIEXPORT jlong JNICALL Java_com_boltffi_demo_Native_boltffi_1init_1class_1demo_1engine_1new(JNIEnv *env, jclass cls, jlong notifier) {
    (void)cls;

    (void)env;
    uint64_t __boltffi_result = boltffi_init_class_demo_engine_new(boltffi_jni_callback_parameter((uint64_t)notifier, boltffi_create_callback_demo_notifier));

    return (jlong)__boltffi_result;
}

JNIEXPORT jint JNICALL Java_com_boltffi_demo_Native_boltffi_1method_1class_1demo_1engine_1ping(JNIEnv *env, jclass cls, jlong receiver) {
    (void)cls;

    (void)env;
    uint32_t __boltffi_result = boltffi_method_class_demo_engine_ping(receiver);

    return (jint)__boltffi_result;
}
