---
source: boltffi_backend/tests/jni/stream.rs
expression: "rendered_fixture(\"stream/protocol_functions\")"
---
===== jni/demo.h =====
<c abi support declarations>
typedef struct {
    double x;
    double y;
} ___Point;
void boltffi_release_class_demo_engine(uint64_t handle);
uint64_t boltffi_stream_demo_engine_points_subscribe(uint64_t receiver);
uintptr_t boltffi_stream_demo_engine_points_pop_batch(uint64_t subscription, ___Point *output_ptr, uintptr_t output_capacity);
WaitResult boltffi_stream_demo_engine_points_wait(uint64_t subscription, uint32_t timeout_milliseconds);
void boltffi_stream_demo_engine_points_poll(uint64_t subscription, uint64_t callback_data, void (*callback)(uint64_t, StreamPollResult));
void boltffi_stream_demo_engine_points_unsubscribe(uint64_t subscription);
void boltffi_stream_demo_engine_points_free(uint64_t subscription);
uint64_t boltffi_stream_demo_engine_names_subscribe(uint64_t receiver);
FfiBuf_u8 boltffi_stream_demo_engine_names_pop_batch(uint64_t subscription, uintptr_t max_count);
WaitResult boltffi_stream_demo_engine_names_wait(uint64_t subscription, uint32_t timeout_milliseconds);
void boltffi_stream_demo_engine_names_poll(uint64_t subscription, uint64_t callback_data, void (*callback)(uint64_t, StreamPollResult));
void boltffi_stream_demo_engine_names_unsubscribe(uint64_t subscription);
void boltffi_stream_demo_engine_names_free(uint64_t subscription);
uint64_t boltffi_stream_demo_engine_ticks_subscribe(uint64_t receiver);
uintptr_t boltffi_stream_demo_engine_ticks_pop_batch(uint64_t subscription, int32_t *output_ptr, uintptr_t output_capacity);
WaitResult boltffi_stream_demo_engine_ticks_wait(uint64_t subscription, uint32_t timeout_milliseconds);
void boltffi_stream_demo_engine_ticks_poll(uint64_t subscription, uint64_t callback_data, void (*callback)(uint64_t, StreamPollResult));
void boltffi_stream_demo_engine_ticks_unsubscribe(uint64_t subscription);
void boltffi_stream_demo_engine_ticks_free(uint64_t subscription);

===== jni/jni_glue.c =====
<jni source includes>
<jni thread runtime>
<jni continuation helper>
<jni exception helpers>
<jni byte-array helpers>
JNIEXPORT jint JNICALL JNI_OnLoad(JavaVM *vm, void *reserved) {
    (void)reserved;
    JNIEnv *env = NULL;
    jint env_result = (*vm)->GetEnv(vm, (void **)&env, JNI_VERSION_1_6);
    if (env_result != JNI_OK) {
        fprintf(stderr, "BoltFFI JNI_OnLoad failed: GetEnv(JNI_VERSION_1_6) returned %d\n", (int)env_result);
        return JNI_ERR;
    }
    if (!boltffi_jni_lookup_global_class_with_diagnostic(env, "com/boltffi/demo/Native", "com/boltffi/demo/Native", &boltffi_jni_native_class)) {
        return JNI_ERR;
    }
    if (!boltffi_jni_continuation_load(env)) {
        (*env)->DeleteGlobalRef(env, boltffi_jni_native_class);
        boltffi_jni_native_class = NULL;
        return JNI_ERR;
    }
    boltffi_jni_vm = vm;
    return JNI_VERSION_1_6;
}

JNIEXPORT void JNICALL JNI_OnUnload(JavaVM *vm, void *reserved) {
    (void)reserved;
    JNIEnv *env = NULL;
    if ((*vm)->GetEnv(vm, (void **)&env, JNI_VERSION_1_6) == JNI_OK) {
        boltffi_jni_continuation_unload(env);
        if (boltffi_jni_native_class != NULL) {
            (*env)->DeleteGlobalRef(env, boltffi_jni_native_class);
        }
    }
    boltffi_jni_vm = NULL;
    boltffi_jni_native_class = NULL;
}

JNIEXPORT void JNICALL Java_com_boltffi_demo_Native_boltffi_1release_1class_1demo_1engine(JNIEnv *env, jclass cls, jlong handle) {
    (void)cls;

    (void)env;
    boltffi_release_class_demo_engine(handle);

    return;
}

JNIEXPORT jlong JNICALL Java_com_boltffi_demo_Native_boltffi_1stream_1demo_1engine_1points_1subscribe(JNIEnv *env, jclass cls, jlong receiver) {
    (void)cls;

    (void)env;
    uint64_t __boltffi_result = boltffi_stream_demo_engine_points_subscribe(receiver);

    return (jlong)__boltffi_result;
}

JNIEXPORT jint JNICALL Java_com_boltffi_demo_Native_boltffi_1stream_1demo_1engine_1points_1wait(JNIEnv *env, jclass cls, jlong subscription, jint timeout_milliseconds) {
    (void)cls;

    (void)env;
    WaitResult __boltffi_result = boltffi_stream_demo_engine_points_wait(subscription, timeout_milliseconds);

    return (jint)__boltffi_result;
}

JNIEXPORT void JNICALL Java_com_boltffi_demo_Native_boltffi_1stream_1demo_1engine_1points_1poll(JNIEnv *env, jclass cls, jlong subscription, jlong callback_data) {
    (void)cls;

    (void)env;
    boltffi_stream_demo_engine_points_poll(subscription, callback_data, boltffi_jni_continuation_callback);

    return;
}

JNIEXPORT void JNICALL Java_com_boltffi_demo_Native_boltffi_1stream_1demo_1engine_1points_1unsubscribe(JNIEnv *env, jclass cls, jlong subscription) {
    (void)cls;

    (void)env;
    boltffi_stream_demo_engine_points_unsubscribe(subscription);

    return;
}

JNIEXPORT void JNICALL Java_com_boltffi_demo_Native_boltffi_1stream_1demo_1engine_1points_1free(JNIEnv *env, jclass cls, jlong subscription) {
    (void)cls;

    (void)env;
    boltffi_stream_demo_engine_points_free(subscription);

    return;
}

JNIEXPORT jlong JNICALL Java_com_boltffi_demo_Native_boltffi_1stream_1demo_1engine_1names_1subscribe(JNIEnv *env, jclass cls, jlong receiver) {
    (void)cls;

    (void)env;
    uint64_t __boltffi_result = boltffi_stream_demo_engine_names_subscribe(receiver);

    return (jlong)__boltffi_result;
}

JNIEXPORT jbyteArray JNICALL Java_com_boltffi_demo_Native_boltffi_1stream_1demo_1engine_1names_1pop_1batch(JNIEnv *env, jclass cls, jlong subscription, jlong max_count) {
    (void)cls;

    (void)env;
    FfiBuf_u8 __boltffi_result = boltffi_stream_demo_engine_names_pop_batch(subscription, max_count);

    return boltffi_jni_buffer_to_byte_array(env, __boltffi_result);
}

JNIEXPORT jint JNICALL Java_com_boltffi_demo_Native_boltffi_1stream_1demo_1engine_1names_1wait(JNIEnv *env, jclass cls, jlong subscription, jint timeout_milliseconds) {
    (void)cls;

    (void)env;
    WaitResult __boltffi_result = boltffi_stream_demo_engine_names_wait(subscription, timeout_milliseconds);

    return (jint)__boltffi_result;
}

JNIEXPORT void JNICALL Java_com_boltffi_demo_Native_boltffi_1stream_1demo_1engine_1names_1poll(JNIEnv *env, jclass cls, jlong subscription, jlong callback_data) {
    (void)cls;

    (void)env;
    boltffi_stream_demo_engine_names_poll(subscription, callback_data, boltffi_jni_continuation_callback);

    return;
}

JNIEXPORT void JNICALL Java_com_boltffi_demo_Native_boltffi_1stream_1demo_1engine_1names_1unsubscribe(JNIEnv *env, jclass cls, jlong subscription) {
    (void)cls;

    (void)env;
    boltffi_stream_demo_engine_names_unsubscribe(subscription);

    return;
}

JNIEXPORT void JNICALL Java_com_boltffi_demo_Native_boltffi_1stream_1demo_1engine_1names_1free(JNIEnv *env, jclass cls, jlong subscription) {
    (void)cls;

    (void)env;
    boltffi_stream_demo_engine_names_free(subscription);

    return;
}

JNIEXPORT jlong JNICALL Java_com_boltffi_demo_Native_boltffi_1stream_1demo_1engine_1ticks_1subscribe(JNIEnv *env, jclass cls, jlong receiver) {
    (void)cls;

    (void)env;
    uint64_t __boltffi_result = boltffi_stream_demo_engine_ticks_subscribe(receiver);

    return (jlong)__boltffi_result;
}

JNIEXPORT jint JNICALL Java_com_boltffi_demo_Native_boltffi_1stream_1demo_1engine_1ticks_1wait(JNIEnv *env, jclass cls, jlong subscription, jint timeout_milliseconds) {
    (void)cls;

    (void)env;
    WaitResult __boltffi_result = boltffi_stream_demo_engine_ticks_wait(subscription, timeout_milliseconds);

    return (jint)__boltffi_result;
}

JNIEXPORT void JNICALL Java_com_boltffi_demo_Native_boltffi_1stream_1demo_1engine_1ticks_1poll(JNIEnv *env, jclass cls, jlong subscription, jlong callback_data) {
    (void)cls;

    (void)env;
    boltffi_stream_demo_engine_ticks_poll(subscription, callback_data, boltffi_jni_continuation_callback);

    return;
}

JNIEXPORT void JNICALL Java_com_boltffi_demo_Native_boltffi_1stream_1demo_1engine_1ticks_1unsubscribe(JNIEnv *env, jclass cls, jlong subscription) {
    (void)cls;

    (void)env;
    boltffi_stream_demo_engine_ticks_unsubscribe(subscription);

    return;
}

JNIEXPORT void JNICALL Java_com_boltffi_demo_Native_boltffi_1stream_1demo_1engine_1ticks_1free(JNIEnv *env, jclass cls, jlong subscription) {
    (void)cls;

    (void)env;
    boltffi_stream_demo_engine_ticks_free(subscription);

    return;
}

JNIEXPORT jbyteArray JNICALL Java_com_boltffi_demo_Native_boltffi_1stream_1demo_1engine_1points_1pop_1batch(JNIEnv *env, jclass cls, jlong subscription, jlong max_count) {
    (void)cls;
    if (max_count < 0) {
        boltffi_jni_throw_illegal_argument(env, "BoltFFI stream batch size was negative");
        return NULL;
    }
    uintptr_t __boltffi_capacity = (uintptr_t)max_count;
    if (__boltffi_capacity != 0 && __boltffi_capacity > ((uintptr_t)SIZE_MAX / (uintptr_t)16)) {
        boltffi_jni_throw_runtime(env, "BoltFFI stream batch allocation is too large");
        return NULL;
    }
    uintptr_t __boltffi_byte_capacity = __boltffi_capacity * (uintptr_t)16;
    uint8_t *__boltffi_items = NULL;
    if (__boltffi_byte_capacity != 0) {
        __boltffi_items = (uint8_t *)malloc((size_t)__boltffi_byte_capacity);
        if (__boltffi_items == NULL) {
            boltffi_jni_throw_runtime(env, "failed to allocate BoltFFI stream batch buffer");
            return NULL;
        }
    }
    uintptr_t __boltffi_count = boltffi_stream_demo_engine_points_pop_batch((uint64_t)subscription, (___Point *)__boltffi_items, __boltffi_capacity);
    if (__boltffi_count > __boltffi_capacity) {
        free(__boltffi_items);
        boltffi_jni_throw_runtime(env, "BoltFFI stream returned more items than requested");
        return NULL;
    }
    uintptr_t __boltffi_byte_len = __boltffi_count * (uintptr_t)16;
    jbyteArray __boltffi_array = boltffi_jni_bytes_to_byte_array(env, __boltffi_items, __boltffi_byte_len);
    free(__boltffi_items);
    return __boltffi_array;
}

JNIEXPORT jbyteArray JNICALL Java_com_boltffi_demo_Native_boltffi_1stream_1demo_1engine_1ticks_1pop_1batch(JNIEnv *env, jclass cls, jlong subscription, jlong max_count) {
    (void)cls;
    if (max_count < 0) {
        boltffi_jni_throw_illegal_argument(env, "BoltFFI stream batch size was negative");
        return NULL;
    }
    uintptr_t __boltffi_capacity = (uintptr_t)max_count;
    if (__boltffi_capacity != 0 && __boltffi_capacity > ((uintptr_t)SIZE_MAX / (uintptr_t)4)) {
        boltffi_jni_throw_runtime(env, "BoltFFI stream batch allocation is too large");
        return NULL;
    }
    uintptr_t __boltffi_byte_capacity = __boltffi_capacity * (uintptr_t)4;
    uint8_t *__boltffi_items = NULL;
    if (__boltffi_byte_capacity != 0) {
        __boltffi_items = (uint8_t *)malloc((size_t)__boltffi_byte_capacity);
        if (__boltffi_items == NULL) {
            boltffi_jni_throw_runtime(env, "failed to allocate BoltFFI stream batch buffer");
            return NULL;
        }
    }
    uintptr_t __boltffi_count = boltffi_stream_demo_engine_ticks_pop_batch((uint64_t)subscription, (int32_t *)__boltffi_items, __boltffi_capacity);
    if (__boltffi_count > __boltffi_capacity) {
        free(__boltffi_items);
        boltffi_jni_throw_runtime(env, "BoltFFI stream returned more items than requested");
        return NULL;
    }
    uintptr_t __boltffi_byte_len = __boltffi_count * (uintptr_t)4;
    jbyteArray __boltffi_array = boltffi_jni_bytes_to_byte_array(env, __boltffi_items, __boltffi_byte_len);
    free(__boltffi_items);
    return __boltffi_array;
}
