---
source: boltffi_backend/tests/jni/callback.rs
expression: "rendered_fixture(\"callback/async_callback_string_return\")"
---
===== jni/demo.h =====
<c abi support declarations>
typedef struct {
    void (*free)(uint64_t);
    uint64_t (*clone)(uint64_t);
    void (*load)(uint64_t, uint32_t, void (*)(void *, FfiStatus, FfiBuf_u8), void *);
} ___ListenerVTable;
void boltffi_register_callback_demo_listener(const ___ListenerVTable *vtable);
BoltFFICallbackHandle boltffi_create_callback_demo_listener(uint64_t handle);

===== jni/jni_glue.c =====
<jni source includes>
<jni thread runtime>
<jni exception helpers>
<jni byte-array helpers>
static jclass g____ListenerVTable_class = NULL;
static jmethodID g____ListenerVTable_free_method = NULL;
static jmethodID g____ListenerVTable_clone_method = NULL;
static jmethodID g____ListenerVTable_load_method = NULL;

static void ___ListenerVTable_free(uint64_t handle) {
    JNIEnv *env = NULL;
    int attached = 0;
    if (!boltffi_jni_enter(&env, &attached)) {
        return;
    }
    (*env)->CallStaticVoidMethod(env, g____ListenerVTable_class, g____ListenerVTable_free_method, (jlong)handle);
    boltffi_jni_clear_exception(env);
    boltffi_jni_exit(env, attached);
}

static uint64_t ___ListenerVTable_clone(uint64_t handle) {
    JNIEnv *env = NULL;
    int attached = 0;
    if (!boltffi_jni_enter(&env, &attached)) {
        return 0;
    }
    jlong result = (*env)->CallStaticLongMethod(env, g____ListenerVTable_class, g____ListenerVTable_clone_method, (jlong)handle);
    if (boltffi_jni_clear_exception(env)) {
        boltffi_jni_exit(env, attached);
        return 0;
    }
    boltffi_jni_exit(env, attached);
    return (uint64_t)result;
}

static void ___ListenerVTable_load(uint64_t handle, uint32_t key, void (*complete)(void *, FfiStatus, FfiBuf_u8), void *complete_context) {
    JNIEnv *env = NULL;
    int attached = 0;

    if (!boltffi_jni_enter(&env, &attached)) {
        complete(complete_context, (FfiStatus){.code = 1}, (FfiBuf_u8){0});
        return;
    }

    (*env)->CallStaticVoidMethod(env, g____ListenerVTable_class, g____ListenerVTable_load_method, (jlong)handle, (jint)key, (jlong)complete, (jlong)complete_context);
    if (boltffi_jni_clear_exception(env)) {
        goto __boltffi_fail;
    }

    boltffi_jni_exit(env, attached);
    return;
__boltffi_fail:

    boltffi_jni_clear_exception(env);
    boltffi_jni_exit(env, attached);

    complete(complete_context, (FfiStatus){.code = 1}, (FfiBuf_u8){0});

    return;
}

static ___ListenerVTable g____ListenerVTable_vtable = {
    .free = ___ListenerVTable_free,
    .clone = ___ListenerVTable_clone,
    .load = ___ListenerVTable_load,
};

static bool boltffi_jni_load____ListenerVTable_callbacks(JNIEnv *env) {
    if (!boltffi_jni_lookup_global_class_with_diagnostic(env, "com/boltffi/demo/ListenerCallbacks", "com/boltffi/demo/ListenerCallbacks", &g____ListenerVTable_class)) {
        return false;
    }
    if (!boltffi_jni_lookup_static_method_with_diagnostic(env, g____ListenerVTable_class, "com/boltffi/demo/ListenerCallbacks", "free", "free", "(J)V", "(J)V", &g____ListenerVTable_free_method)) {
        goto fail;
    }
    if (!boltffi_jni_lookup_static_method_with_diagnostic(env, g____ListenerVTable_class, "com/boltffi/demo/ListenerCallbacks", "clone", "clone", "(J)J", "(J)J", &g____ListenerVTable_clone_method)) {
        goto fail;
    }
    if (!boltffi_jni_lookup_static_method_with_diagnostic(env, g____ListenerVTable_class, "com/boltffi/demo/ListenerCallbacks", "load", "load", "(JIJJ)V", "(JIJJ)V", &g____ListenerVTable_load_method)) {
        goto fail;
    }
    boltffi_register_callback_demo_listener(&g____ListenerVTable_vtable);
    return true;
fail:
    (*env)->DeleteGlobalRef(env, g____ListenerVTable_class);
    g____ListenerVTable_class = NULL;
    return false;
}

static void boltffi_jni_unload____ListenerVTable_callbacks(JNIEnv *env) {
    if (g____ListenerVTable_class != NULL) {
        (*env)->DeleteGlobalRef(env, g____ListenerVTable_class);
    }
    g____ListenerVTable_class = NULL;
    g____ListenerVTable_free_method = NULL;
    g____ListenerVTable_clone_method = NULL;
    g____ListenerVTable_load_method = NULL;
}

JNIEXPORT void JNICALL Java_com_boltffi_demo_Native_boltffi_1async_1callback_1complete_1Bytes(JNIEnv *env, jclass cls, jlong callback, jlong context, jbyteArray result) {
    (void)cls;
    void (*complete)(void *, FfiStatus, FfiBuf_u8) = (void (*)(void *, FfiStatus, FfiBuf_u8))callback;
    FfiBuf_u8 payload = boltffi_jni_byte_array_to_buffer(env, result);
    if ((*env)->ExceptionCheck(env)) {
        (*env)->ExceptionClear(env);
        complete((void *)context, (FfiStatus){.code = 1}, (FfiBuf_u8){0});
        return;
    }
    complete((void *)context, (FfiStatus){.code = 0}, payload);
}

JNIEXPORT void JNICALL Java_com_boltffi_demo_Native_boltffi_1async_1callback_1complete_1Bytes_1failure(JNIEnv *env, jclass cls, jlong callback, jlong context) {
    (void)env;
    (void)cls;
    void (*complete)(void *, FfiStatus, FfiBuf_u8) = (void (*)(void *, FfiStatus, FfiBuf_u8))callback;
    complete((void *)context, (FfiStatus){.code = 1}, (FfiBuf_u8){0});
}

JNIEXPORT void JNICALL Java_com_boltffi_demo_Native_boltffi_1async_1callback_1complete_1Bytes_1error(JNIEnv *env, jclass cls, jlong callback, jlong context, jbyteArray result) {
    (void)cls;
    void (*complete)(void *, FfiStatus, FfiBuf_u8) = (void (*)(void *, FfiStatus, FfiBuf_u8))callback;
    FfiBuf_u8 payload = boltffi_jni_byte_array_to_buffer(env, result);
    if ((*env)->ExceptionCheck(env)) {
        (*env)->ExceptionClear(env);
        complete((void *)context, (FfiStatus){.code = 1}, (FfiBuf_u8){0});
        return;
    }
    complete((void *)context, (FfiStatus){.code = 1}, payload);
}

JNIEXPORT jint JNICALL JNI_OnLoad(JavaVM *vm, void *reserved) {
    (void)reserved;
    JNIEnv *env = NULL;
    jint env_result = (*vm)->GetEnv(vm, (void **)&env, JNI_VERSION_1_6);
    if (env_result != JNI_OK) {
        fprintf(stderr, "BoltFFI JNI_OnLoad failed: GetEnv(JNI_VERSION_1_6) returned %d\n", (int)env_result);
        return JNI_ERR;
    }
    if (!boltffi_jni_lookup_global_class_with_diagnostic(env, "com/boltffi/demo/Native", "com/boltffi/demo/Native", &boltffi_jni_native_class)) {
        return JNI_ERR;
    }
    if (!boltffi_jni_load____ListenerVTable_callbacks(env)) {
        boltffi_jni_unload____ListenerVTable_callbacks(env);
        (*env)->DeleteGlobalRef(env, boltffi_jni_native_class);
        boltffi_jni_native_class = NULL;
        return JNI_ERR;
    }
    boltffi_jni_vm = vm;
    return JNI_VERSION_1_6;
}

JNIEXPORT void JNICALL JNI_OnUnload(JavaVM *vm, void *reserved) {
    (void)reserved;
    JNIEnv *env = NULL;
    if ((*vm)->GetEnv(vm, (void **)&env, JNI_VERSION_1_6) == JNI_OK) {
        boltffi_jni_unload____ListenerVTable_callbacks(env);
        if (boltffi_jni_native_class != NULL) {
            (*env)->DeleteGlobalRef(env, boltffi_jni_native_class);
        }
    }
    boltffi_jni_vm = NULL;
    boltffi_jni_native_class = NULL;
}
