---
source: boltffi_backend/tests/jni/callback.rs
expression: "rendered_fixture(\"callback/returned_async_callback_handle\")"
---
===== jni/demo.h =====
<c abi support declarations>
typedef struct {
    void (*free)(uint64_t);
    uint64_t (*clone)(uint64_t);
    void (*load)(uint64_t, uint32_t, void (*)(void *, FfiStatus, uint32_t), void *);
} ___ListenerVTable;
void boltffi_register_callback_demo_listener(const ___ListenerVTable *vtable);
BoltFFICallbackHandle boltffi_create_callback_demo_listener(uint64_t handle);
BoltFFICallbackHandle boltffi_function_demo_make_listener(void);

===== jni/jni_glue.c =====
<jni source includes>
<jni thread runtime>
<jni exception helpers>
typedef struct {
    void (*free)(uint64_t handle);
    uint64_t (*clone)(uint64_t handle);
} BoltFFICallbackVTablePrefix;

static const BoltFFICallbackVTablePrefix *boltffi_jni_callback_vtable_prefix(const BoltFFICallbackHandle *callback) {
    return callback == NULL ? NULL : (const BoltFFICallbackVTablePrefix *)callback->vtable;
}

static void boltffi_jni_release_callback_value(BoltFFICallbackHandle callback) {
    const BoltFFICallbackVTablePrefix *vtable = boltffi_jni_callback_vtable_prefix(&callback);
    if (callback.handle != 0 && vtable != NULL && vtable->free != NULL) {
        vtable->free(callback.handle);
    }
}

static jlong boltffi_jni_callback_handle_new_owned(JNIEnv *env, BoltFFICallbackHandle callback) {
    if (callback.handle == 0 || callback.vtable == NULL) {
        return 0;
    }
    BoltFFICallbackHandle *stored_callback = (BoltFFICallbackHandle *)malloc(sizeof(BoltFFICallbackHandle));
    if (stored_callback == NULL) {
        boltffi_jni_release_callback_value(callback);
        boltffi_jni_throw_runtime(env, "failed to allocate BoltFFI callback handle");
        return 0;
    }
    *stored_callback = callback;
    return (jlong)(uintptr_t)stored_callback;
}

static BoltFFICallbackHandle *boltffi_jni_callback_handle_ref(jlong handle) {
    return handle == 0 ? NULL : (BoltFFICallbackHandle *)(uintptr_t)handle;
}

typedef BoltFFICallbackHandle (*BoltFFICallbackCreate)(uint64_t handle);

static BoltFFICallbackHandle boltffi_jni_callback_parameter(uint64_t handle, BoltFFICallbackCreate create) {
    if ((handle & 1u) != 0u) {
        return create(handle);
    }
    const BoltFFICallbackHandle *stored_callback = boltffi_jni_callback_handle_ref((jlong)handle);
    const BoltFFICallbackVTablePrefix *vtable = boltffi_jni_callback_vtable_prefix(stored_callback);
    if (stored_callback == NULL || stored_callback->handle == 0 || vtable == NULL || vtable->clone == NULL) {
        return (BoltFFICallbackHandle){0};
    }
    return (BoltFFICallbackHandle){
        .handle = vtable->clone(stored_callback->handle),
        .vtable = stored_callback->vtable,
    };
}

static void boltffi_jni_callback_handle_release(BoltFFICallbackHandle *callback) {
    if (callback == NULL) {
        return;
    }
    boltffi_jni_release_callback_value(*callback);
    free(callback);
}

static jlong boltffi_jni_callback_handle_clone(JNIEnv *env, const BoltFFICallbackHandle *callback) {
    const BoltFFICallbackVTablePrefix *vtable = boltffi_jni_callback_vtable_prefix(callback);
    if (callback == NULL || callback->handle == 0 || vtable == NULL || vtable->clone == NULL) {
        return 0;
    }
    BoltFFICallbackHandle cloned_callback = {
        .handle = vtable->clone(callback->handle),
        .vtable = callback->vtable,
    };
    if (cloned_callback.handle == 0) {
        return 0;
    }
    return boltffi_jni_callback_handle_new_owned(env, cloned_callback);
}

JNIEXPORT jlong JNICALL Java_com_boltffi_demo_Native_boltffi_1callback_1handle_1clone(JNIEnv *env, jclass cls, jlong handle) {
    (void)cls;
    return boltffi_jni_callback_handle_clone(env, boltffi_jni_callback_handle_ref(handle));
}

JNIEXPORT void JNICALL Java_com_boltffi_demo_Native_boltffi_1callback_1handle_1release(JNIEnv *env, jclass cls, jlong handle) {
    (void)env;
    (void)cls;
    boltffi_jni_callback_handle_release(boltffi_jni_callback_handle_ref(handle));
}

static jclass g____ListenerVTable_class = NULL;
static jmethodID g____ListenerVTable_free_method = NULL;
static jmethodID g____ListenerVTable_clone_method = NULL;
static jmethodID g____ListenerVTable_load_method = NULL;
static jmethodID g____ListenerVTable_load_success_method = NULL;
static jmethodID g____ListenerVTable_load_failure_method = NULL;

static void ___ListenerVTable_free(uint64_t handle) {
    JNIEnv *env = NULL;
    int attached = 0;
    if (!boltffi_jni_enter(&env, &attached)) {
        return;
    }
    (*env)->CallStaticVoidMethod(env, g____ListenerVTable_class, g____ListenerVTable_free_method, (jlong)handle);
    boltffi_jni_clear_exception(env);
    boltffi_jni_exit(env, attached);
}

static uint64_t ___ListenerVTable_clone(uint64_t handle) {
    JNIEnv *env = NULL;
    int attached = 0;
    if (!boltffi_jni_enter(&env, &attached)) {
        return 0;
    }
    jlong result = (*env)->CallStaticLongMethod(env, g____ListenerVTable_class, g____ListenerVTable_clone_method, (jlong)handle);
    if (boltffi_jni_clear_exception(env)) {
        boltffi_jni_exit(env, attached);
        return 0;
    }
    boltffi_jni_exit(env, attached);
    return (uint64_t)result;
}

static void ___ListenerVTable_load(uint64_t handle, uint32_t key, void (*complete)(void *, FfiStatus, uint32_t), void *complete_context) {
    JNIEnv *env = NULL;
    int attached = 0;

    if (!boltffi_jni_enter(&env, &attached)) {
        complete(complete_context, (FfiStatus){.code = 1}, (uint32_t){0});
        return;
    }

    (*env)->CallStaticVoidMethod(env, g____ListenerVTable_class, g____ListenerVTable_load_method, (jlong)handle, (jint)key, (jlong)complete, (jlong)complete_context);
    if (boltffi_jni_clear_exception(env)) {
        goto __boltffi_fail;
    }

    boltffi_jni_exit(env, attached);
    return;
__boltffi_fail:

    boltffi_jni_clear_exception(env);
    boltffi_jni_exit(env, attached);

    complete(complete_context, (FfiStatus){.code = 1}, (uint32_t){0});

    return;
}

static void ___ListenerVTable_load_handle_completion(void *context, FfiStatus status, uint32_t result) {
    JNIEnv *env = NULL;
    int attached = 0;
    if (!boltffi_jni_enter(&env, &attached)) {
        return;
    }
    if (status.code != 0) {
        (*env)->CallStaticVoidMethod(env, g____ListenerVTable_class, g____ListenerVTable_load_failure_method, (jlong)(uintptr_t)context);
        boltffi_jni_clear_exception(env);
        boltffi_jni_exit(env, attached);
        return;
    }
    (*env)->CallStaticVoidMethod(env, g____ListenerVTable_class, g____ListenerVTable_load_success_method, (jlong)(uintptr_t)context, (jint)result);
    boltffi_jni_clear_exception(env);
    boltffi_jni_exit(env, attached);
}

JNIEXPORT void JNICALL Java_com_boltffi_demo_Native_boltffi_1callback_1handle_1demo_1listener_1load(JNIEnv *env, jclass cls, jlong callback, jint key, jlong callback_data) {
    (void)cls;

    BoltFFICallbackHandle *callback_handle = boltffi_jni_callback_handle_ref(callback);
    const ___ListenerVTable *vtable = callback_handle == NULL ? NULL : (const ___ListenerVTable *)callback_handle->vtable;
    if (callback_handle == NULL || callback_handle->handle == 0 || vtable == NULL || vtable->load == NULL) {
        boltffi_jni_throw_runtime(env, "BoltFFI callback handle was null or invalid");
        goto __boltffi_error;
    }

    vtable->load(callback_handle->handle, key, ___ListenerVTable_load_handle_completion, (void *)(uintptr_t)callback_data);

    return;
__boltffi_error:
    return;
}

static ___ListenerVTable g____ListenerVTable_vtable = {
    .free = ___ListenerVTable_free,
    .clone = ___ListenerVTable_clone,
    .load = ___ListenerVTable_load,
};

static bool boltffi_jni_load____ListenerVTable_callbacks(JNIEnv *env) {
    if (!boltffi_jni_lookup_global_class_with_diagnostic(env, "com/boltffi/demo/ListenerCallbacks", "com/boltffi/demo/ListenerCallbacks", &g____ListenerVTable_class)) {
        return false;
    }
    if (!boltffi_jni_lookup_static_method_with_diagnostic(env, g____ListenerVTable_class, "com/boltffi/demo/ListenerCallbacks", "free", "free", "(J)V", "(J)V", &g____ListenerVTable_free_method)) {
        goto fail;
    }
    if (!boltffi_jni_lookup_static_method_with_diagnostic(env, g____ListenerVTable_class, "com/boltffi/demo/ListenerCallbacks", "clone", "clone", "(J)J", "(J)J", &g____ListenerVTable_clone_method)) {
        goto fail;
    }
    if (!boltffi_jni_lookup_static_method_with_diagnostic(env, g____ListenerVTable_class, "com/boltffi/demo/ListenerCallbacks", "load", "load", "(JIJJ)V", "(JIJJ)V", &g____ListenerVTable_load_method)) {
        goto fail;
    }
    if (!boltffi_jni_lookup_static_method_with_diagnostic(env, g____ListenerVTable_class, "com/boltffi/demo/ListenerCallbacks", "complete_load", "complete_load", "(JI)V", "(JI)V", &g____ListenerVTable_load_success_method)) {
        goto fail;
    }
    if (!boltffi_jni_lookup_static_method_with_diagnostic(env, g____ListenerVTable_class, "com/boltffi/demo/ListenerCallbacks", "fail_load", "fail_load", "(J)V", "(J)V", &g____ListenerVTable_load_failure_method)) {
        goto fail;
    }
    boltffi_register_callback_demo_listener(&g____ListenerVTable_vtable);
    return true;
fail:
    (*env)->DeleteGlobalRef(env, g____ListenerVTable_class);
    g____ListenerVTable_class = NULL;
    return false;
}

static void boltffi_jni_unload____ListenerVTable_callbacks(JNIEnv *env) {
    if (g____ListenerVTable_class != NULL) {
        (*env)->DeleteGlobalRef(env, g____ListenerVTable_class);
    }
    g____ListenerVTable_class = NULL;
    g____ListenerVTable_free_method = NULL;
    g____ListenerVTable_clone_method = NULL;
    g____ListenerVTable_load_method = NULL;
    g____ListenerVTable_load_success_method = NULL;
    g____ListenerVTable_load_failure_method = NULL;
}

JNIEXPORT void JNICALL Java_com_boltffi_demo_Native_boltffi_1async_1callback_1complete_1U32(JNIEnv *env, jclass cls, jlong callback, jlong context, jint result) {
    (void)cls;
    void (*complete)(void *, FfiStatus, uint32_t) = (void (*)(void *, FfiStatus, uint32_t))callback;
    (void)env;
    complete((void *)context, (FfiStatus){.code = 0}, (uint32_t)result);
}

JNIEXPORT void JNICALL Java_com_boltffi_demo_Native_boltffi_1async_1callback_1complete_1U32_1failure(JNIEnv *env, jclass cls, jlong callback, jlong context) {
    (void)env;
    (void)cls;
    void (*complete)(void *, FfiStatus, uint32_t) = (void (*)(void *, FfiStatus, uint32_t))callback;
    complete((void *)context, (FfiStatus){.code = 1}, (uint32_t){0});
}

JNIEXPORT void JNICALL Java_com_boltffi_demo_Native_boltffi_1async_1callback_1complete_1U32_1error(JNIEnv *env, jclass cls, jlong callback, jlong context, jint result) {
    (void)cls;
    void (*complete)(void *, FfiStatus, uint32_t) = (void (*)(void *, FfiStatus, uint32_t))callback;
    (void)env;
    complete((void *)context, (FfiStatus){.code = 1}, (uint32_t)result);
}

JNIEXPORT jint JNICALL JNI_OnLoad(JavaVM *vm, void *reserved) {
    (void)reserved;
    JNIEnv *env = NULL;
    jint env_result = (*vm)->GetEnv(vm, (void **)&env, JNI_VERSION_1_6);
    if (env_result != JNI_OK) {
        fprintf(stderr, "BoltFFI JNI_OnLoad failed: GetEnv(JNI_VERSION_1_6) returned %d\n", (int)env_result);
        return JNI_ERR;
    }
    if (!boltffi_jni_lookup_global_class_with_diagnostic(env, "com/boltffi/demo/Native", "com/boltffi/demo/Native", &boltffi_jni_native_class)) {
        return JNI_ERR;
    }
    if (!boltffi_jni_load____ListenerVTable_callbacks(env)) {
        boltffi_jni_unload____ListenerVTable_callbacks(env);
        (*env)->DeleteGlobalRef(env, boltffi_jni_native_class);
        boltffi_jni_native_class = NULL;
        return JNI_ERR;
    }
    boltffi_jni_vm = vm;
    return JNI_VERSION_1_6;
}

JNIEXPORT void JNICALL JNI_OnUnload(JavaVM *vm, void *reserved) {
    (void)reserved;
    JNIEnv *env = NULL;
    if ((*vm)->GetEnv(vm, (void **)&env, JNI_VERSION_1_6) == JNI_OK) {
        boltffi_jni_unload____ListenerVTable_callbacks(env);
        if (boltffi_jni_native_class != NULL) {
            (*env)->DeleteGlobalRef(env, boltffi_jni_native_class);
        }
    }
    boltffi_jni_vm = NULL;
    boltffi_jni_native_class = NULL;
}

JNIEXPORT jlong JNICALL Java_com_boltffi_demo_Native_boltffi_1function_1demo_1make_1listener(JNIEnv *env, jclass cls) {
    (void)cls;

    (void)env;
    BoltFFICallbackHandle __boltffi_result = boltffi_function_demo_make_listener();

    return boltffi_jni_callback_handle_new_owned(env, __boltffi_result);
}
