---
source: boltffi_backend/tests/kotlin/stream.rs
expression: "rendered_fixture(\"stream/protocol_functions\")"
---
===== com/boltffi/demo/Demo.kt =====
@file:OptIn(kotlin.ExperimentalUnsignedTypes::class)

package com.boltffi.demo

import kotlinx.coroutines.launch
import kotlinx.coroutines.channels.awaitClose
@Suppress("FunctionName")
private object Native {
    @JvmStatic external fun boltffi_release_class_demo_engine(handle: Long): Unit
    @JvmStatic external fun boltffi_stream_demo_engine_points_subscribe(`receiver`: Long): Long
    @JvmStatic external fun boltffi_stream_demo_engine_points_pop_batch(subscription: Long, maxCount: Long): ByteArray?
    @JvmStatic external fun boltffi_stream_demo_engine_points_wait(subscription: Long, timeout_milliseconds: Int): Int
    @JvmStatic external fun boltffi_stream_demo_engine_points_poll(subscription: Long, callback_data: Long): Unit
    @JvmStatic external fun boltffi_stream_demo_engine_points_unsubscribe(subscription: Long): Unit
    @JvmStatic external fun boltffi_stream_demo_engine_points_free(subscription: Long): Unit
    @JvmStatic external fun boltffi_stream_demo_engine_names_subscribe(`receiver`: Long): Long
    @JvmStatic external fun boltffi_stream_demo_engine_names_pop_batch(subscription: Long, max_count: Long): ByteArray?
    @JvmStatic external fun boltffi_stream_demo_engine_names_wait(subscription: Long, timeout_milliseconds: Int): Int
    @JvmStatic external fun boltffi_stream_demo_engine_names_poll(subscription: Long, callback_data: Long): Unit
    @JvmStatic external fun boltffi_stream_demo_engine_names_unsubscribe(subscription: Long): Unit
    @JvmStatic external fun boltffi_stream_demo_engine_names_free(subscription: Long): Unit
    @JvmStatic external fun boltffi_stream_demo_engine_ticks_subscribe(`receiver`: Long): Long
    @JvmStatic external fun boltffi_stream_demo_engine_ticks_pop_batch(subscription: Long, maxCount: Long): ByteArray?
    @JvmStatic external fun boltffi_stream_demo_engine_ticks_wait(subscription: Long, timeout_milliseconds: Int): Int
    @JvmStatic external fun boltffi_stream_demo_engine_ticks_poll(subscription: Long, callback_data: Long): Unit
    @JvmStatic external fun boltffi_stream_demo_engine_ticks_unsubscribe(subscription: Long): Unit
    @JvmStatic external fun boltffi_stream_demo_engine_ticks_free(subscription: Long): Unit

    @JvmStatic fun boltffiFutureContinuationCallback(handle: Long, pollResult: Byte) {
        BoltFfiAsync.resume(handle, pollResult)
    }
}


data class Point(
    val x: Double,
    val y: Double
) {
    internal fun toByteArray(): ByteArray {
        val buffer = java.nio.ByteBuffer
            .allocate(STRUCT_SIZE)
            .order(java.nio.ByteOrder.nativeOrder())
        writeTo(buffer, 0)
        return buffer.array()
    }

    internal fun toDirectBuffer(): java.nio.ByteBuffer {
        val buffer = java.nio.ByteBuffer
            .allocateDirect(STRUCT_SIZE)
            .order(java.nio.ByteOrder.nativeOrder())
        writeTo(buffer, 0)
        return buffer
    }

    internal fun writeTo(buffer: java.nio.ByteBuffer, offset: Int) {
        buffer.putDouble(offset, x)
        buffer.putDouble(offset + 8, y)
    }

    companion object {
        internal const val STRUCT_SIZE: Int = 16

        internal fun fromByteArray(bytes: ByteArray): Point {
            require(bytes.size == STRUCT_SIZE)
            val buffer = java.nio.ByteBuffer
                .wrap(bytes)
                .order(java.nio.ByteOrder.nativeOrder())
            return fromBuffer(buffer, 0)
        }

        internal fun fromBuffer(buffer: java.nio.ByteBuffer, offset: Int): Point {
            return Point(
                buffer.getDouble(offset),
                buffer.getDouble(offset + 8)
            )
        }
    }
}

class Engine internal constructor(internal val handle: Long) : AutoCloseable {
    private val __boltffi_closed = java.util.concurrent.atomic.AtomicBoolean(false)

    override fun close() {
        if (__boltffi_closed.compareAndSet(false, true)) {
            Native.boltffi_release_class_demo_engine(handle)
        }
    }

    internal fun boltffiHandle(): Long {
        check(!__boltffi_closed.get()) { "Engine is closed" }
        return handle
    }
}

fun Engine.points(): PointsSubscription =
    PointsSubscription(
        handle = Native.boltffi_stream_demo_engine_points_subscribe(boltffiHandle()),
        popBatch = Native::boltffi_stream_demo_engine_points_pop_batch,
        wait = Native::boltffi_stream_demo_engine_points_wait,
        unsubscribe = Native::boltffi_stream_demo_engine_points_unsubscribe,
        free = Native::boltffi_stream_demo_engine_points_free
    )

class PointsSubscription(
    private val handle: Long,
    private val popBatch: (Long, Long) -> ByteArray?,
    private val wait: (Long, Int) -> Int,
    private val unsubscribe: (Long) -> Unit,
    private val free: (Long) -> Unit
) : AutoCloseable {
    private val closed = java.util.concurrent.atomic.AtomicBoolean(false)

    override fun close() {
        if (!closed.compareAndSet(false, true)) return
        if (handle == 0L) return
        free(handle)
    }

    fun popBatch(maxCount: Long = 16L): List<Point> {
        if (handle == 0L) return emptyList()
        val bytes = popBatch(handle, maxCount)
            ?: throw IllegalStateException("BoltFFI stream pop_batch returned null")
        if (bytes.isEmpty()) return emptyList()
        val items = DirectVectorCodec.readRecordList(bytes, 16, { buffer, offset -> Point.fromBuffer(buffer, offset) })
        return items
    }

    fun wait(timeout: Int): Int {
        if (handle == 0L) return -1
        return wait(handle, timeout)
    }

    fun unsubscribe() {
        if (handle == 0L) return
        unsubscribe(handle)
    }
}

fun Engine.names(): kotlinx.coroutines.flow.Flow<String> = kotlinx.coroutines.flow.callbackFlow {
    val subscription = Native.boltffi_stream_demo_engine_names_subscribe(boltffiHandle())
    if (subscription == 0L) {
        close()
        return@callbackFlow
    }
    val context = BoltFfiStreamContext(
        scope = this,
        subscription = subscription,
        batchSize = 16L,
        popBatch = Native::boltffi_stream_demo_engine_names_pop_batch,
        poll = Native::boltffi_stream_demo_engine_names_poll,
        unsubscribe = Native::boltffi_stream_demo_engine_names_unsubscribe,
        free = Native::boltffi_stream_demo_engine_names_free,
        processItems = { bytes ->
            val reader = WireReader(bytes)
            val count = reader.readU32().toInt()
            val items = List(count) { reader.readString() }
            items.forEach { item ->
                send(item)
            }
        },
        finish = { close() }
    )
    context.start()
    awaitClose { context.requestTermination() }
}

fun Engine.ticks(callback: (Int) -> Unit): TicksCancellable {
    val subscription = Native.boltffi_stream_demo_engine_ticks_subscribe(boltffiHandle())
    if (subscription == 0L) return TicksCancellable {}
    val context = BoltFfiStreamContext(
        scope = boltffiCallbackScope,
        subscription = subscription,
        batchSize = 16L,
        popBatch = Native::boltffi_stream_demo_engine_ticks_pop_batch,
        poll = Native::boltffi_stream_demo_engine_ticks_poll,
        unsubscribe = Native::boltffi_stream_demo_engine_ticks_unsubscribe,
        free = Native::boltffi_stream_demo_engine_ticks_free,
        processItems = { bytes ->
            val items = DirectVectorCodec.readIntArray(bytes).toList()
            items.forEach { item ->
                callback(item)
            }
        },
        finish = {}
    )
    context.start()
    return TicksCancellable { context.requestTermination() }
}

class TicksCancellable(
    private val onCancel: () -> Unit = {}
) : AutoCloseable {
    private val cancelled = java.util.concurrent.atomic.AtomicBoolean(false)

    fun cancel() {
        if (!cancelled.compareAndSet(false, true)) return
        onCancel()
    }

    override fun close() {
        cancel()
    }
}
