---
source: boltffi_backend/tests/kotlin/exports.rs
expression: rendered
---
===== com/boltffi/demo/Demo.kt =====
@file:OptIn(kotlin.ExperimentalUnsignedTypes::class)

package com.boltffi.demo
@Suppress("FunctionName")
private object Native {
    @JvmStatic external fun boltffi_release_class_demo_engine(handle: Long): Unit
    @JvmStatic external fun boltffi_init_class_demo_engine_new(value: Int): Long
    @JvmStatic external fun boltffi_method_class_demo_engine_version(): Int
    @JvmStatic external fun boltffi_method_class_demo_engine_value(`receiver`: Long): Int
    @JvmStatic external fun boltffi_method_class_demo_engine_swap(`receiver`: Long, other: Long): Long
    @JvmStatic external fun boltffi_method_class_demo_engine_maybe_swap(`receiver`: Long, other: Long): Long
}

class Engine internal constructor(internal val handle: Long) : AutoCloseable {
    private val __boltffi_closed = java.util.concurrent.atomic.AtomicBoolean(false)

    override fun close() {
        if (__boltffi_closed.compareAndSet(false, true)) {
            Native.boltffi_release_class_demo_engine(handle)
        }
    }

    internal fun boltffiHandle(): Long {
        check(!__boltffi_closed.get()) { "Engine is closed" }
        return handle
    }

    constructor(value: Int) : this(new(value).handle)

    companion object {
        fun new(value: Int): Engine {
            return Engine(Native.boltffi_init_class_demo_engine_new(value))
        }
        fun version(): UInt {
            return Native.boltffi_method_class_demo_engine_version().toUInt()
        }
    }

    fun value(): Int {
        return Native.boltffi_method_class_demo_engine_value(this.boltffiHandle())
    }

    fun swap(other: Engine): Engine {
        return Engine(Native.boltffi_method_class_demo_engine_swap(this.boltffiHandle(), other.boltffiHandle()))
    }

    fun maybeSwap(other: Engine?): Engine? {
        val __boltffi_handle = Native.boltffi_method_class_demo_engine_maybe_swap(this.boltffiHandle(), other?.boltffiHandle() ?: 0L)
        return if (__boltffi_handle == 0L) null else Engine(__boltffi_handle)
    }
}
